
 /----------------------------------------------------------------------------\
 |  yosys -- Yosys Open SYnthesis Suite                                       |
 |  Copyright (C) 2012 - 2026  Claire Xenia Wolf <claire@yosyshq.com>         |
 |  Distributed under an ISC-like license, type "license" to see terms        |
 \----------------------------------------------------------------------------/
 Yosys 0.67+24 (git sha1 0e82bbefe-dirty, Release, Clang /usr/local/osxcross/target/bin/aarch64-apple-darwin23.5-clang++ 18.1.8)

-- Executing script file `design_smt2.ys' --

1. Executing RTLIL frontend.
Input filename: design_prep.il

2. Executing HIERARCHY pass (managing design hierarchy).
Attribute `top' found on module `control_unit'. Setting top module to control_unit.

2.1. Analyzing design hierarchy..
Top module:  \control_unit

2.2. Analyzing design hierarchy..
Top module:  \control_unit
Removed 0 unused modules.
Module control_unit directly or indirectly contains formal properties -> setting "keep" attribute.

3. Executing FORMALFF pass.

4. Executing DFFUNMAP pass (unmap clock enable and synchronous reset from FFs).

5. Printing statistics.

=== control_unit ===

        +----------Local Count, excluding submodules.
        | 
       93 wires
      142 wire bits
       11 public wires
       51 public wire bits
        9 ports
       43 port bits
      161 cells
        2   $anyseq
       70   $assert
       22   $eq
        8   $logic_and
        4   $logic_not
       36   $mux
        7   $ne
        6   $not
        3   $pmux
        3   $reduce_or

6. Executing SMT2 backend.

6.1. Executing BMUXMAP pass.

6.2. Executing DEMUXMAP pass.
Creating SMT-LIBv2 representation of module control_unit.

End of script. Logfile hash: 41b61d246d, time: 0.01s, user: 0.01s, system: 0.01s, MEM: 16.47 MB peak
Yosys 0.67+24 (git sha1 0e82bbefe-dirty, Release, Clang /usr/local/osxcross/target/bin/aarch64-apple-darwin23.5-clang++ 18.1.8)
Time spent: 61% 2x write_smt2 (0 sec), 25% 2x read_rtlil (0 sec), ...
