
 /----------------------------------------------------------------------------\
 |  yosys -- Yosys Open SYnthesis Suite                                       |
 |  Copyright (C) 2012 - 2026  Claire Xenia Wolf <claire@yosyshq.com>         |
 |  Distributed under an ISC-like license, type "license" to see terms        |
 \----------------------------------------------------------------------------/
 Yosys 0.67+24 (git sha1 0e82bbefe-dirty, Release, Clang /usr/local/osxcross/target/bin/aarch64-apple-darwin23.5-clang++ 18.1.8)

-- Executing script file `../model/design.ys' --

1. Executing Verilog-2005 frontend: control_unit.sv
Parsing SystemVerilog input from `control_unit.sv' to AST representation.
Generating RTLIL representation for module `\control_unit'.
Successfully finished Verilog frontend.

2. Executing PREP pass.

2.1. Executing HIERARCHY pass (managing design hierarchy).

2.1.1. Analyzing design hierarchy..
Top module:  \control_unit

2.1.2. Analyzing design hierarchy..
Top module:  \control_unit
Removed 0 unused modules.
Module control_unit directly or indirectly contains formal properties -> setting "keep" attribute.

2.2. Executing PROC pass (convert processes to netlists).

2.2.1. Executing PROC_CLEAN pass (remove empty switches from decision trees).
Cleaned up 0 empty switches.

2.2.2. Executing PROC_RMDEAD pass (remove dead branches from decision trees).
Marked 2 switch rules as full_case in process $proc$control_unit.sv:118$5 in module control_unit.
Removed 2 dead cases from process $proc$control_unit.sv:33$1 in module control_unit.
Marked 3 switch rules as full_case in process $proc$control_unit.sv:33$1 in module control_unit.
Removed a total of 2 dead cases.

2.2.3. Executing PROC_PRUNE pass (remove redundant assignments in processes).
Removed 11 redundant assignments.
Promoted 19 assignments to connections.

2.2.4. Executing PROC_INIT pass (extract init attributes).

2.2.5. Executing PROC_ARST pass (detect async resets in processes).

2.2.6. Executing PROC_ROM pass (convert switches to ROMs).
Converted 0 switches.
<suppressed ~13 debug messages>

2.2.7. Executing PROC_MUX pass (convert decision trees to multiplexers).
Creating decoders for process `\control_unit.$proc$control_unit.sv:118$5'.
     1/68: $assert$control_unit.sv:224$163_EN
     2/68: $assert$control_unit.sv:223$161_EN
     3/68: $assert$control_unit.sv:222$159_EN
     4/68: $assert$control_unit.sv:221$157_EN
     5/68: $assert$control_unit.sv:220$155_EN
     6/68: $assert$control_unit.sv:219$153_EN
     7/68: $assert$control_unit.sv:218$151_EN
     8/68: $assert$control_unit.sv:217$149_EN
     9/68: $assert$control_unit.sv:209$134_EN
    10/68: $assert$control_unit.sv:208$132_EN
    11/68: $assert$control_unit.sv:207$130_EN
    12/68: $assert$control_unit.sv:206$128_EN
    13/68: $assert$control_unit.sv:205$126_EN
    14/68: $assert$control_unit.sv:204$124_EN
    15/68: $assert$control_unit.sv:199$121_EN
    16/68: $assert$control_unit.sv:198$119_EN
    17/68: $assert$control_unit.sv:197$117_EN
    18/68: $assert$control_unit.sv:196$115_EN
    19/68: $assert$control_unit.sv:195$113_EN
    20/68: $assert$control_unit.sv:194$111_EN
    21/68: $assert$control_unit.sv:189$108_EN
    22/68: $assert$control_unit.sv:188$106_EN
    23/68: $assert$control_unit.sv:187$104_EN
    24/68: $assert$control_unit.sv:186$102_EN
    25/68: $assert$control_unit.sv:185$100_EN
    26/68: $assert$control_unit.sv:180$97_EN
    27/68: $assert$control_unit.sv:179$95_EN
    28/68: $assert$control_unit.sv:178$93_EN
    29/68: $assert$control_unit.sv:177$91_EN
    30/68: $assert$control_unit.sv:176$89_EN
    31/68: $assert$control_unit.sv:175$87_EN
    32/68: $assert$control_unit.sv:174$85_EN
    33/68: $assert$control_unit.sv:169$82_EN
    34/68: $assert$control_unit.sv:168$80_EN
    35/68: $assert$control_unit.sv:167$78_EN
    36/68: $assert$control_unit.sv:166$76_EN
    37/68: $assert$control_unit.sv:165$74_EN
    38/68: $assert$control_unit.sv:164$72_EN
    39/68: $assert$control_unit.sv:163$70_EN
    40/68: $assert$control_unit.sv:162$68_EN
    41/68: $assert$control_unit.sv:156$65_EN
    42/68: $assert$control_unit.sv:155$63_EN
    43/68: $assert$control_unit.sv:154$60_EN
    44/68: $assert$control_unit.sv:153$58_EN
    45/68: $assert$control_unit.sv:152$56_EN
    46/68: $assert$control_unit.sv:151$54_EN
    47/68: $assert$control_unit.sv:150$52_EN
    48/68: $assert$control_unit.sv:149$50_EN
    49/68: $assert$control_unit.sv:147$48_EN
    50/68: $assert$control_unit.sv:146$46_EN
    51/68: $assert$control_unit.sv:145$44_EN
    52/68: $assert$control_unit.sv:144$42_EN
    53/68: $assert$control_unit.sv:143$40_EN
    54/68: $assert$control_unit.sv:142$38_EN
    55/68: $assert$control_unit.sv:136$35_EN
    56/68: $assert$control_unit.sv:135$33_EN
    57/68: $assert$control_unit.sv:134$30_EN
    58/68: $assert$control_unit.sv:133$28_EN
    59/68: $assert$control_unit.sv:132$26_EN
    60/68: $assert$control_unit.sv:131$24_EN
    61/68: $assert$control_unit.sv:130$22_EN
    62/68: $assert$control_unit.sv:129$19_EN
    63/68: $assert$control_unit.sv:127$17_EN
    64/68: $assert$control_unit.sv:126$15_EN
    65/68: $assert$control_unit.sv:125$13_EN
    66/68: $assert$control_unit.sv:124$11_EN
    67/68: $assert$control_unit.sv:123$9_EN
    68/68: $assert$control_unit.sv:122$7_EN
Creating decoders for process `\control_unit.$proc$control_unit.sv:33$1'.
     1/10: $3\alu_opcode[3:0]
     2/10: $2\alu_opcode[3:0]
     3/10: $1\alu_opcode[3:0]
     4/10: $1\alusrc[0:0]
     5/10: $1\regwrite[0:0]
     6/10: $1\jump[0:0]
     7/10: $1\memtoreg[0:0]
     8/10: $1\branch[0:0]
     9/10: $1\memwrite[0:0]
    10/10: $1\memread[0:0]

2.2.8. Executing PROC_DLATCH pass (convert process syncs to latches).
No latch inferred for signal `\control_unit.\alu_opcode' from process `\control_unit.$proc$control_unit.sv:33$1'.
No latch inferred for signal `\control_unit.\alusrc' from process `\control_unit.$proc$control_unit.sv:33$1'.
No latch inferred for signal `\control_unit.\regwrite' from process `\control_unit.$proc$control_unit.sv:33$1'.
No latch inferred for signal `\control_unit.\memread' from process `\control_unit.$proc$control_unit.sv:33$1'.
No latch inferred for signal `\control_unit.\memwrite' from process `\control_unit.$proc$control_unit.sv:33$1'.
No latch inferred for signal `\control_unit.\branch' from process `\control_unit.$proc$control_unit.sv:33$1'.
No latch inferred for signal `\control_unit.\memtoreg' from process `\control_unit.$proc$control_unit.sv:33$1'.
No latch inferred for signal `\control_unit.\jump' from process `\control_unit.$proc$control_unit.sv:33$1'.

2.2.9. Executing PROC_DFF pass (convert process syncs to FFs).

2.2.10. Executing PROC_MEMWR pass (convert process memory writes to cells).

2.2.11. Executing PROC_CLEAN pass (remove empty switches from decision trees).
Found and cleaned up 10 empty switches in `\control_unit.$proc$control_unit.sv:118$5'.
Removing empty process `control_unit.$proc$control_unit.sv:118$5'.
Found and cleaned up 3 empty switches in `\control_unit.$proc$control_unit.sv:33$1'.
Removing empty process `control_unit.$proc$control_unit.sv:33$1'.
Cleaned up 13 empty switches.

2.2.12. Executing OPT_EXPR pass (perform const folding).
Optimizing module control_unit.
<suppressed ~58 debug messages>

2.3. Executing FUTURE pass.

2.4. Executing OPT_EXPR pass (perform const folding).
Optimizing module control_unit.

2.5. Executing OPT_CLEAN pass (remove unused cells and wires).
Finding unused cells or wires in module \control_unit..
Removed 0 unused cells and 188 unused wires.
<suppressed ~1 debug messages>

2.6. Executing CHECK pass (checking for obvious problems).
Checking module control_unit...
Found and reported 0 problems.

2.7. Executing OPT pass (performing simple optimizations).

2.7.1. Executing OPT_EXPR pass (perform const folding).
Optimizing module control_unit.

2.7.2. Executing OPT_MERGE pass (detect identical cells).
Finding identical cells in module `\control_unit'.
Computing hashes of 339 cells of `\control_unit'.
Finding duplicate cells in `\control_unit'.
Computing hashes of 242 cells of `\control_unit'.
Finding duplicate cells in `\control_unit'.
Computing hashes of 241 cells of `\control_unit'.
Finding duplicate cells in `\control_unit'.
Computing hashes of 240 cells of `\control_unit'.
Finding duplicate cells in `\control_unit'.
Computing hashes of 239 cells of `\control_unit'.
Finding duplicate cells in `\control_unit'.
Computing hashes of 238 cells of `\control_unit'.
Finding duplicate cells in `\control_unit'.
Computing hashes of 237 cells of `\control_unit'.
Finding duplicate cells in `\control_unit'.
Computing hashes of 236 cells of `\control_unit'.
Finding duplicate cells in `\control_unit'.
<suppressed ~309 debug messages>
Removed a total of 103 cells.

2.7.3. Executing OPT_MUXTREE pass (detect dead branches in mux trees).
Running muxtree optimizer on module \control_unit..
  Creating internal representation of mux trees.
  Evaluating internal representation of mux trees.
  Analyzing evaluation results.
    dead port 2/2 on $mux $procmux$467.
    dead port 2/2 on $mux $procmux$449.
Removed 2 multiplexer ports.
<suppressed ~181 debug messages>

2.7.4. Executing OPT_REDUCE pass (consolidate $*mux and $reduce_* inputs).
  Optimizing cells in module \control_unit.
    New ctrl vector for $pmux cell $procmux$492: $auto$opt_reduce.cc:137:opt_pmux$521
    New ctrl vector for $pmux cell $procmux$479: $auto$opt_reduce.cc:137:opt_pmux$523
    New ctrl vector for $pmux cell $procmux$485: $auto$opt_reduce.cc:137:opt_pmux$525
  Optimizing cells in module \control_unit.
Performed a total of 3 changes.

2.7.5. Executing OPT_MERGE pass (detect identical cells).
Finding identical cells in module `\control_unit'.
Computing hashes of 237 cells of `\control_unit'.
Finding duplicate cells in `\control_unit'.
Computing hashes of 177 cells of `\control_unit'.
Finding duplicate cells in `\control_unit'.
Computing hashes of 175 cells of `\control_unit'.
Finding duplicate cells in `\control_unit'.
<suppressed ~186 debug messages>
Removed a total of 62 cells.

2.7.6. Executing OPT_CLEAN pass (remove unused cells and wires).
Finding unused cells or wires in module \control_unit..
Removed 0 unused cells and 166 unused wires.
<suppressed ~1 debug messages>

2.7.7. Executing OPT_EXPR pass (perform const folding).
Optimizing module control_unit.

2.7.8. Rerunning OPT passes. (Maybe there is more to do..)

2.7.9. Executing OPT_MUXTREE pass (detect dead branches in mux trees).
Running muxtree optimizer on module \control_unit..
  Creating internal representation of mux trees.
  Evaluating internal representation of mux trees.
  Analyzing evaluation results.
Removed 0 multiplexer ports.
<suppressed ~94 debug messages>

2.7.10. Executing OPT_REDUCE pass (consolidate $*mux and $reduce_* inputs).
  Optimizing cells in module \control_unit.
Performed a total of 0 changes.

2.7.11. Executing OPT_MERGE pass (detect identical cells).
Finding identical cells in module `\control_unit'.
Computing hashes of 175 cells of `\control_unit'.
Finding duplicate cells in `\control_unit'.
Removed a total of 0 cells.

2.7.12. Executing OPT_CLEAN pass (remove unused cells and wires).
Finding unused cells or wires in module \control_unit..

2.7.13. Executing OPT_EXPR pass (perform const folding).
Optimizing module control_unit.

2.7.14. Finished fast OPT passes. (There is nothing left to do.)

2.8. Executing WREDUCE pass (reducing word size of cells).
Removed top 3 bits (of 4) from mux cell control_unit.$ternary$control_unit.sv:129$20 ($mux).
Removed top 3 bits (of 4) from port B of cell control_unit.$eq$control_unit.sv:129$21 ($eq).
Removed top 1 bits (of 4) from port B of cell control_unit.$eq$control_unit.sv:150$53 ($eq).
Removed top 1 bits (of 4) from port B of cell control_unit.$eq$control_unit.sv:153$59 ($eq).
Removed top 3 bits (of 4) from mux cell control_unit.$ternary$control_unit.sv:154$61 ($mux).
Removed top 1 bits (of 4) from port B of cell control_unit.$eq$control_unit.sv:154$62 ($eq).
Removed top 2 bits (of 4) from port B of cell control_unit.$eq$control_unit.sv:155$64 ($eq).
Removed top 2 bits (of 4) from port B of cell control_unit.$eq$control_unit.sv:156$66 ($eq).
Removed top 1 bits (of 7) from port B of cell control_unit.$ne$control_unit.sv:241$197 ($ne).
Removed top 2 bits (of 7) from port B of cell control_unit.$ne$control_unit.sv:241$198 ($ne).
Removed top 5 bits (of 7) from port B of cell control_unit.$ne$control_unit.sv:242$200 ($ne).
Removed top 1 bits (of 7) from port B of cell control_unit.$ne$control_unit.sv:242$202 ($ne).
Removed top 1 bits (of 3) from port B of cell control_unit.$procmux$463_CMP0 ($eq).
Removed top 1 bits (of 3) from port B of cell control_unit.$procmux$464_CMP0 ($eq).
Removed top 2 bits (of 3) from port B of cell control_unit.$procmux$465_CMP0 ($eq).
Removed top 1 bits (of 7) from port B of cell control_unit.$procmux$477_CMP0 ($eq).
Removed top 1 bits (of 7) from port B of cell control_unit.$procmux$481_CMP0 ($eq).
Removed top 5 bits (of 7) from port B of cell control_unit.$procmux$482_CMP0 ($eq).
Removed top 2 bits (of 7) from port B of cell control_unit.$procmux$483_CMP0 ($eq).
Removed top 3 bits (of 4) from wire control_unit.$ternary$control_unit.sv:134$31_Y.
Removed top 3 bits (of 4) from wire control_unit.$ternary$control_unit.sv:129$20_Y.

2.9. Executing OPT_CLEAN pass (remove unused cells and wires).
Finding unused cells or wires in module \control_unit..
Removed 0 unused cells and 2 unused wires.
<suppressed ~1 debug messages>

2.10. Executing MEMORY_COLLECT pass (generating $mem cells).

2.11. Executing OPT pass (performing simple optimizations).

2.11.1. Executing OPT_EXPR pass (perform const folding).
Optimizing module control_unit.

2.11.2. Executing OPT_MERGE pass (detect identical cells).
Finding identical cells in module `\control_unit'.
Computing hashes of 175 cells of `\control_unit'.
Finding duplicate cells in `\control_unit'.
Computing hashes of 174 cells of `\control_unit'.
Finding duplicate cells in `\control_unit'.
<suppressed ~3 debug messages>
Removed a total of 1 cells.

2.11.3. Executing OPT_CLEAN pass (remove unused cells and wires).
Finding unused cells or wires in module \control_unit..
Removed 0 unused cells and 1 unused wires.
<suppressed ~1 debug messages>

2.11.4. Finished fast OPT passes.

2.12. Executing SORT pass.

2.13. Printing statistics.

=== control_unit ===

        +----------Local Count, excluding submodules.
        | 
       97 wires
      140 wire bits
        9 public wires
       43 public wire bits
        9 ports
       43 port bits
      174 cells
       79   $check
       22   $eq
       14   $logic_and
        4   $logic_not
       36   $mux
        7   $ne
        6   $not
        3   $pmux
        3   $reduce_or

2.14. Executing CHECK pass (checking for obvious problems).
Checking module control_unit...
Found and reported 0 problems.

3. Executing HIERARCHY pass (managing design hierarchy).
Attribute `top' found on module `control_unit'. Setting top module to control_unit.

3.1. Analyzing design hierarchy..
Top module:  \control_unit

3.2. Analyzing design hierarchy..
Top module:  \control_unit
Removed 0 unused modules.
Module control_unit directly or indirectly contains formal properties -> setting "keep" attribute.

4. Executing jny backend.

5. Executing RTLIL backend.
Output filename: ../model/design.il

End of script. Logfile hash: d5d156bdbd, time: 0.04s, user: 0.03s, system: 0.02s, MEM: 20.98 MB peak
Yosys 0.67+24 (git sha1 0e82bbefe-dirty, Release, Clang /usr/local/osxcross/target/bin/aarch64-apple-darwin23.5-clang++ 18.1.8)
Time spent: 22% 2x read_verilog (0 sec), 13% 5x opt_clean (0 sec), ...
