
 /----------------------------------------------------------------------------\
 |  yosys -- Yosys Open SYnthesis Suite                                       |
 |  Copyright (C) 2012 - 2026  Claire Xenia Wolf <claire@yosyshq.com>         |
 |  Distributed under an ISC-like license, type "license" to see terms        |
 \----------------------------------------------------------------------------/
 Yosys 0.67+24 (git sha1 0e82bbefe-dirty, Release, Clang /usr/local/osxcross/target/bin/aarch64-apple-darwin23.5-clang++ 18.1.8)

-- Executing script file `../model/design.ys' --

1. Executing Verilog-2005 frontend: branch_unit.sv
Parsing SystemVerilog input from `branch_unit.sv' to AST representation.
Generating RTLIL representation for module `\branch_unit'.
Successfully finished Verilog frontend.

2. Executing PREP pass.

2.1. Executing HIERARCHY pass (managing design hierarchy).

2.1.1. Analyzing design hierarchy..
Top module:  \branch_unit

2.1.2. Analyzing design hierarchy..
Top module:  \branch_unit
Removed 0 unused modules.
Module branch_unit directly or indirectly contains formal properties -> setting "keep" attribute.

2.2. Executing PROC pass (convert processes to netlists).

2.2.1. Executing PROC_CLEAN pass (remove empty switches from decision trees).
Cleaned up 0 empty switches.

2.2.2. Executing PROC_RMDEAD pass (remove dead branches from decision trees).
Marked 1 switch rules as full_case in process $proc$branch_unit.sv:18$1 in module branch_unit.
Removed a total of 0 dead cases.

2.2.3. Executing PROC_PRUNE pass (remove redundant assignments in processes).
Removed 6 redundant assignments.
Promoted 7 assignments to connections.

2.2.4. Executing PROC_INIT pass (extract init attributes).

2.2.5. Executing PROC_ARST pass (detect async resets in processes).

2.2.6. Executing PROC_ROM pass (convert switches to ROMs).
Converted 0 switches.
<suppressed ~9 debug messages>

2.2.7. Executing PROC_MUX pass (convert decision trees to multiplexers).
Creating decoders for process `\branch_unit.$proc$branch_unit.sv:34$10'.
     1/8: $assert$branch_unit.sv:63$57_EN
     2/8: $assert$branch_unit.sv:54$48_EN
     3/8: $assert$branch_unit.sv:49$34_EN
     4/8: $assert$branch_unit.sv:47$30_EN
     5/8: $assert$branch_unit.sv:45$26_EN
     6/8: $assert$branch_unit.sv:43$22_EN
     7/8: $assert$branch_unit.sv:38$17_EN
     8/8: $assert$branch_unit.sv:36$12_EN
Creating decoders for process `\branch_unit.$proc$branch_unit.sv:18$1'.
     1/1: $1\condition_met[0:0]

2.2.8. Executing PROC_DLATCH pass (convert process syncs to latches).
No latch inferred for signal `\branch_unit.\condition_met' from process `\branch_unit.$proc$branch_unit.sv:18$1'.

2.2.9. Executing PROC_DFF pass (convert process syncs to FFs).

2.2.10. Executing PROC_MEMWR pass (convert process memory writes to cells).

2.2.11. Executing PROC_CLEAN pass (remove empty switches from decision trees).
Found and cleaned up 8 empty switches in `\branch_unit.$proc$branch_unit.sv:34$10'.
Removing empty process `branch_unit.$proc$branch_unit.sv:34$10'.
Found and cleaned up 1 empty switch in `\branch_unit.$proc$branch_unit.sv:18$1'.
Removing empty process `branch_unit.$proc$branch_unit.sv:18$1'.
Cleaned up 9 empty switches.

2.2.12. Executing OPT_EXPR pass (perform const folding).
Optimizing module branch_unit.
<suppressed ~10 debug messages>

2.3. Executing FUTURE pass.

2.4. Executing OPT_EXPR pass (perform const folding).
Optimizing module branch_unit.

2.5. Executing OPT_CLEAN pass (remove unused cells and wires).
Finding unused cells or wires in module \branch_unit..
Removed 1 unused cells and 30 unused wires.
<suppressed ~2 debug messages>

2.6. Executing CHECK pass (checking for obvious problems).
Checking module branch_unit...
Found and reported 0 problems.

2.7. Executing OPT pass (performing simple optimizations).

2.7.1. Executing OPT_EXPR pass (perform const folding).
Optimizing module branch_unit.

2.7.2. Executing OPT_MERGE pass (detect identical cells).
Finding identical cells in module `\branch_unit'.
Computing hashes of 79 cells of `\branch_unit'.
Finding duplicate cells in `\branch_unit'.
Computing hashes of 64 cells of `\branch_unit'.
Finding duplicate cells in `\branch_unit'.
<suppressed ~45 debug messages>
Removed a total of 15 cells.

2.7.3. Executing OPT_MUXTREE pass (detect dead branches in mux trees).
Running muxtree optimizer on module \branch_unit..
  Creating internal representation of mux trees.
  Evaluating internal representation of mux trees.
  Analyzing evaluation results.
Removed 0 multiplexer ports.
<suppressed ~18 debug messages>

2.7.4. Executing OPT_REDUCE pass (consolidate $*mux and $reduce_* inputs).
  Optimizing cells in module \branch_unit.
Performed a total of 0 changes.

2.7.5. Executing OPT_MERGE pass (detect identical cells).
Finding identical cells in module `\branch_unit'.
Computing hashes of 64 cells of `\branch_unit'.
Finding duplicate cells in `\branch_unit'.
Removed a total of 0 cells.

2.7.6. Executing OPT_CLEAN pass (remove unused cells and wires).
Finding unused cells or wires in module \branch_unit..
Removed 0 unused cells and 15 unused wires.
<suppressed ~1 debug messages>

2.7.7. Executing OPT_EXPR pass (perform const folding).
Optimizing module branch_unit.
<suppressed ~2 debug messages>

2.7.8. Rerunning OPT passes. (Maybe there is more to do..)

2.7.9. Executing OPT_MUXTREE pass (detect dead branches in mux trees).
Running muxtree optimizer on module \branch_unit..
  Creating internal representation of mux trees.
  Evaluating internal representation of mux trees.
  Analyzing evaluation results.
Removed 0 multiplexer ports.
<suppressed ~18 debug messages>

2.7.10. Executing OPT_REDUCE pass (consolidate $*mux and $reduce_* inputs).
  Optimizing cells in module \branch_unit.
Performed a total of 0 changes.

2.7.11. Executing OPT_MERGE pass (detect identical cells).
Finding identical cells in module `\branch_unit'.
Computing hashes of 62 cells of `\branch_unit'.
Finding duplicate cells in `\branch_unit'.
Removed a total of 0 cells.

2.7.12. Executing OPT_CLEAN pass (remove unused cells and wires).
Finding unused cells or wires in module \branch_unit..
Removed 0 unused cells and 2 unused wires.
<suppressed ~1 debug messages>

2.7.13. Executing OPT_EXPR pass (perform const folding).
Optimizing module branch_unit.

2.7.14. Rerunning OPT passes. (Maybe there is more to do..)

2.7.15. Executing OPT_MUXTREE pass (detect dead branches in mux trees).
Running muxtree optimizer on module \branch_unit..
  Creating internal representation of mux trees.
  Evaluating internal representation of mux trees.
  Analyzing evaluation results.
Removed 0 multiplexer ports.
<suppressed ~18 debug messages>

2.7.16. Executing OPT_REDUCE pass (consolidate $*mux and $reduce_* inputs).
  Optimizing cells in module \branch_unit.
Performed a total of 0 changes.

2.7.17. Executing OPT_MERGE pass (detect identical cells).
Finding identical cells in module `\branch_unit'.
Computing hashes of 62 cells of `\branch_unit'.
Finding duplicate cells in `\branch_unit'.
Removed a total of 0 cells.

2.7.18. Executing OPT_CLEAN pass (remove unused cells and wires).
Finding unused cells or wires in module \branch_unit..

2.7.19. Executing OPT_EXPR pass (perform const folding).
Optimizing module branch_unit.

2.7.20. Finished fast OPT passes. (There is nothing left to do.)

2.8. Executing WREDUCE pass (reducing word size of cells).
Removed top 2 bits (of 3) from port B of cell branch_unit.$ne$branch_unit.sv:52$38 ($ne).
Removed top 1 bits (of 3) from port B of cell branch_unit.$eq$branch_unit.sv:68$66 ($eq).
Removed top 2 bits (of 3) from port B of cell branch_unit.$procmux$92_CMP0 ($eq).

2.9. Executing OPT_CLEAN pass (remove unused cells and wires).
Finding unused cells or wires in module \branch_unit..

2.10. Executing MEMORY_COLLECT pass (generating $mem cells).

2.11. Executing OPT pass (performing simple optimizations).

2.11.1. Executing OPT_EXPR pass (perform const folding).
Optimizing module branch_unit.

2.11.2. Executing OPT_MERGE pass (detect identical cells).
Finding identical cells in module `\branch_unit'.
Computing hashes of 62 cells of `\branch_unit'.
Finding duplicate cells in `\branch_unit'.
Removed a total of 0 cells.

2.11.3. Executing OPT_CLEAN pass (remove unused cells and wires).
Finding unused cells or wires in module \branch_unit..

2.11.4. Finished fast OPT passes.

2.12. Executing SORT pass.

2.13. Printing statistics.

=== branch_unit ===

        +----------Local Count, excluding submodules.
        | 
       54 wires
      242 wire bits
        9 public wires
      166 public wire bits
        8 ports
      165 port bits
       62 cells
        1   $add
       14   $check
       13   $eq
        2   $ge
        7   $logic_and
        2   $logic_not
        3   $lt
        8   $mux
        6   $ne
        2   $not
        1   $pmux
        1   $reduce_bool
        1   $reduce_or
        1   $xor

2.14. Executing CHECK pass (checking for obvious problems).
Checking module branch_unit...
Found and reported 0 problems.

3. Executing HIERARCHY pass (managing design hierarchy).
Attribute `top' found on module `branch_unit'. Setting top module to branch_unit.

3.1. Analyzing design hierarchy..
Top module:  \branch_unit

3.2. Analyzing design hierarchy..
Top module:  \branch_unit
Removed 0 unused modules.
Module branch_unit directly or indirectly contains formal properties -> setting "keep" attribute.

4. Executing jny backend.

5. Executing RTLIL backend.
Output filename: ../model/design.il

End of script. Logfile hash: df4b09eedd, time: 0.03s, user: 0.02s, system: 0.03s, MEM: 19.41 MB peak
Yosys 0.67+24 (git sha1 0e82bbefe-dirty, Release, Clang /usr/local/osxcross/target/bin/aarch64-apple-darwin23.5-clang++ 18.1.8)
Time spent: 19% 2x read_verilog (0 sec), 15% 6x opt_clean (0 sec), ...
