
 /----------------------------------------------------------------------------\
 |  yosys -- Yosys Open SYnthesis Suite                                       |
 |  Copyright (C) 2012 - 2026  Claire Xenia Wolf <claire@yosyshq.com>         |
 |  Distributed under an ISC-like license, type "license" to see terms        |
 \----------------------------------------------------------------------------/
 Yosys 0.67+24 (git sha1 0e82bbefe-dirty, Release, Clang /usr/local/osxcross/target/bin/aarch64-apple-darwin23.5-clang++ 18.1.8)

-- Executing script file `design_smt2.ys' --

1. Executing RTLIL frontend.
Input filename: design_prep.il

2. Executing HIERARCHY pass (managing design hierarchy).
Attribute `top' found on module `branch_unit'. Setting top module to branch_unit.

2.1. Analyzing design hierarchy..
Top module:  \branch_unit

2.2. Analyzing design hierarchy..
Top module:  \branch_unit
Removed 0 unused modules.
Module branch_unit directly or indirectly contains formal properties -> setting "keep" attribute.

3. Executing FORMALFF pass.

4. Executing DFFUNMAP pass (unmap clock enable and synchronous reset from FFs).

5. Printing statistics.

=== branch_unit ===

        +----------Local Count, excluding submodules.
        | 
       51 wires
      239 wire bits
        9 public wires
      166 public wire bits
        8 ports
      165 port bits
       55 cells
        1   $add
       10   $assert
       12   $eq
        2   $ge
        6   $logic_and
        2   $logic_not
        2   $lt
        8   $mux
        6   $ne
        2   $not
        1   $pmux
        1   $reduce_bool
        1   $reduce_or
        1   $xor

6. Executing SMT2 backend.

6.1. Executing BMUXMAP pass.

6.2. Executing DEMUXMAP pass.
Creating SMT-LIBv2 representation of module branch_unit.

End of script. Logfile hash: d650e93c68, time: 0.00s, user: 0.01s, system: 0.01s, MEM: 16.31 MB peak
Yosys 0.67+24 (git sha1 0e82bbefe-dirty, Release, Clang /usr/local/osxcross/target/bin/aarch64-apple-darwin23.5-clang++ 18.1.8)
Time spent: 67% 2x write_smt2 (0 sec), 19% 2x read_rtlil (0 sec), ...
